Archive member included to satisfy reference by file (symbol)

e:/mcu tapit/st/stm32cubeide_1.4.0/stm32cubeide/plugins/com.st.stm32cube.ide.mcu.externaltools.gnu-tools-for-stm32.7-2018-q2-update.win32_1.4.0.202007081208/tools/bin/../lib/gcc/arm-none-eabi/7.3.1/../../../../arm-none-eabi/lib/thumb/v7e-m/fpv4-sp/hard\libc_nano.a(lib_a-errno.o)
                              Core/Src/syscalls.o (__errno)
e:/mcu tapit/st/stm32cubeide_1.4.0/stm32cubeide/plugins/com.st.stm32cube.ide.mcu.externaltools.gnu-tools-for-stm32.7-2018-q2-update.win32_1.4.0.202007081208/tools/bin/../lib/gcc/arm-none-eabi/7.3.1/../../../../arm-none-eabi/lib/thumb/v7e-m/fpv4-sp/hard\libc_nano.a(lib_a-exit.o)
                              e:/mcu tapit/st/stm32cubeide_1.4.0/stm32cubeide/plugins/com.st.stm32cube.ide.mcu.externaltools.gnu-tools-for-stm32.7-2018-q2-update.win32_1.4.0.202007081208/tools/bin/../lib/gcc/arm-none-eabi/7.3.1/../../../../arm-none-eabi/lib/thumb/v7e-m/fpv4-sp/hard/crt0.o (exit)
e:/mcu tapit/st/stm32cubeide_1.4.0/stm32cubeide/plugins/com.st.stm32cube.ide.mcu.externaltools.gnu-tools-for-stm32.7-2018-q2-update.win32_1.4.0.202007081208/tools/bin/../lib/gcc/arm-none-eabi/7.3.1/../../../../arm-none-eabi/lib/thumb/v7e-m/fpv4-sp/hard\libc_nano.a(lib_a-impure.o)
                              e:/mcu tapit/st/stm32cubeide_1.4.0/stm32cubeide/plugins/com.st.stm32cube.ide.mcu.externaltools.gnu-tools-for-stm32.7-2018-q2-update.win32_1.4.0.202007081208/tools/bin/../lib/gcc/arm-none-eabi/7.3.1/../../../../arm-none-eabi/lib/thumb/v7e-m/fpv4-sp/hard\libc_nano.a(lib_a-exit.o) (_global_impure_ptr)
e:/mcu tapit/st/stm32cubeide_1.4.0/stm32cubeide/plugins/com.st.stm32cube.ide.mcu.externaltools.gnu-tools-for-stm32.7-2018-q2-update.win32_1.4.0.202007081208/tools/bin/../lib/gcc/arm-none-eabi/7.3.1/../../../../arm-none-eabi/lib/thumb/v7e-m/fpv4-sp/hard\libc_nano.a(lib_a-init.o)
                              e:/mcu tapit/st/stm32cubeide_1.4.0/stm32cubeide/plugins/com.st.stm32cube.ide.mcu.externaltools.gnu-tools-for-stm32.7-2018-q2-update.win32_1.4.0.202007081208/tools/bin/../lib/gcc/arm-none-eabi/7.3.1/../../../../arm-none-eabi/lib/thumb/v7e-m/fpv4-sp/hard/crt0.o (__libc_init_array)
e:/mcu tapit/st/stm32cubeide_1.4.0/stm32cubeide/plugins/com.st.stm32cube.ide.mcu.externaltools.gnu-tools-for-stm32.7-2018-q2-update.win32_1.4.0.202007081208/tools/bin/../lib/gcc/arm-none-eabi/7.3.1/../../../../arm-none-eabi/lib/thumb/v7e-m/fpv4-sp/hard\libc_nano.a(lib_a-memset.o)
                              e:/mcu tapit/st/stm32cubeide_1.4.0/stm32cubeide/plugins/com.st.stm32cube.ide.mcu.externaltools.gnu-tools-for-stm32.7-2018-q2-update.win32_1.4.0.202007081208/tools/bin/../lib/gcc/arm-none-eabi/7.3.1/../../../../arm-none-eabi/lib/thumb/v7e-m/fpv4-sp/hard/crt0.o (memset)
e:/mcu tapit/st/stm32cubeide_1.4.0/stm32cubeide/plugins/com.st.stm32cube.ide.mcu.externaltools.gnu-tools-for-stm32.7-2018-q2-update.win32_1.4.0.202007081208/tools/bin/../lib/gcc/arm-none-eabi/7.3.1/thumb/v7e-m/fpv4-sp/hard\libgcc.a(_aeabi_uldivmod.o)
                              Drivers/STM32F4xx_HAL_Driver/Src/stm32f4xx_hal_rcc.o (__aeabi_uldivmod)
e:/mcu tapit/st/stm32cubeide_1.4.0/stm32cubeide/plugins/com.st.stm32cube.ide.mcu.externaltools.gnu-tools-for-stm32.7-2018-q2-update.win32_1.4.0.202007081208/tools/bin/../lib/gcc/arm-none-eabi/7.3.1/thumb/v7e-m/fpv4-sp/hard\libgcc.a(_udivmoddi4.o)
                              e:/mcu tapit/st/stm32cubeide_1.4.0/stm32cubeide/plugins/com.st.stm32cube.ide.mcu.externaltools.gnu-tools-for-stm32.7-2018-q2-update.win32_1.4.0.202007081208/tools/bin/../lib/gcc/arm-none-eabi/7.3.1/thumb/v7e-m/fpv4-sp/hard\libgcc.a(_aeabi_uldivmod.o) (__udivmoddi4)
e:/mcu tapit/st/stm32cubeide_1.4.0/stm32cubeide/plugins/com.st.stm32cube.ide.mcu.externaltools.gnu-tools-for-stm32.7-2018-q2-update.win32_1.4.0.202007081208/tools/bin/../lib/gcc/arm-none-eabi/7.3.1/thumb/v7e-m/fpv4-sp/hard\libgcc.a(_dvmd_tls.o)
                              e:/mcu tapit/st/stm32cubeide_1.4.0/stm32cubeide/plugins/com.st.stm32cube.ide.mcu.externaltools.gnu-tools-for-stm32.7-2018-q2-update.win32_1.4.0.202007081208/tools/bin/../lib/gcc/arm-none-eabi/7.3.1/thumb/v7e-m/fpv4-sp/hard\libgcc.a(_aeabi_uldivmod.o) (__aeabi_ldiv0)

Allocating common symbols
Common symbol       size              file

uwTick              0x4               Drivers/STM32F4xx_HAL_Driver/Src/stm32f4xx_hal.o
pFlash              0x20              Drivers/STM32F4xx_HAL_Driver/Src/stm32f4xx_hal_flash.o
huart1              0x40              Core/Src/main.o
htim2               0x40              Core/Src/main.o
huart2              0x40              Core/Src/main.o
Running             0x4               Core/Src/StepMotor.o

Discarded input sections

 .text          0x0000000000000000        0x0 e:/mcu tapit/st/stm32cubeide_1.4.0/stm32cubeide/plugins/com.st.stm32cube.ide.mcu.externaltools.gnu-tools-for-stm32.7-2018-q2-update.win32_1.4.0.202007081208/tools/bin/../lib/gcc/arm-none-eabi/7.3.1/thumb/v7e-m/fpv4-sp/hard/crti.o
[...]
Memory Configuration

Name             Origin             Length             Attributes
RAM              0x0000000020000000 0x0000000000020000 xrw
FLASH            0x0000000008000000 0x0000000000080000 xr
*default*        0x0000000000000000 0xffffffffffffffff

Linker script and memory map

LOAD e:/mcu tapit/st/stm32cubeide_1.4.0/stm32cubeide/plugins/com.st.stm32cube.ide.mcu.externaltools.gnu-tools-for-stm32.7-2018-q2-update.win32_1.4.0.202007081208/tools/bin/../lib/gcc/arm-none-eabi/7.3.1/thumb/v7e-m/fpv4-sp/hard/crti.o
LOAD e:/mcu tapit/st/stm32cubeide_1.4.0/stm32cubeide/plugins/com.st.stm32cube.ide.mcu.externaltools.gnu-tools-for-stm32.7-2018-q2-update.win32_1.4.0.202007081208/tools/bin/../lib/gcc/arm-none-eabi/7.3.1/thumb/v7e-m/fpv4-sp/hard/crtbegin.o
LOAD e:/mcu tapit/st/stm32cubeide_1.4.0/stm32cubeide/plugins/com.st.stm32cube.ide.mcu.externaltools.gnu-tools-for-stm32.7-2018-q2-update.win32_1.4.0.202007081208/tools/bin/../lib/gcc/arm-none-eabi/7.3.1/../../../../arm-none-eabi/lib/thumb/v7e-m/fpv4-sp/hard/crt0.o
LOAD Core/Src/CallMain.o
LOAD Core/Src/StepMotor.o
LOAD Core/Src/main.o
LOAD Core/Src/stm32f4xx_hal_msp.o
LOAD Core/Src/stm32f4xx_it.o
LOAD Core/Src/syscalls.o
LOAD Core/Src/sysmem.o
LOAD Core/Src/system_stm32f4xx.o
LOAD Core/Startup/startup_stm32f411vetx.o
LOAD Drivers/STM32F4xx_HAL_Driver/Src/stm32f4xx_hal.o
LOAD Drivers/STM32F4xx_HAL_Driver/Src/stm32f4xx_hal_cortex.o
LOAD Drivers/STM32F4xx_HAL_Driver/Src/stm32f4xx_hal_dma.o
LOAD Drivers/STM32F4xx_HAL_Driver/Src/stm32f4xx_hal_dma_ex.o
LOAD Drivers/STM32F4xx_HAL_Driver/Src/stm32f4xx_hal_exti.o
LOAD Drivers/STM32F4xx_HAL_Driver/Src/stm32f4xx_hal_flash.o
LOAD Drivers/STM32F4xx_HAL_Driver/Src/stm32f4xx_hal_flash_ex.o
LOAD Drivers/STM32F4xx_HAL_Driver/Src/stm32f4xx_hal_flash_ramfunc.o
LOAD Drivers/STM32F4xx_HAL_Driver/Src/stm32f4xx_hal_gpio.o
LOAD Drivers/STM32F4xx_HAL_Driver/Src/stm32f4xx_hal_pwr.o
LOAD Drivers/STM32F4xx_HAL_Driver/Src/stm32f4xx_hal_pwr_ex.o
LOAD Drivers/STM32F4xx_HAL_Driver/Src/stm32f4xx_hal_rcc.o
LOAD Drivers/STM32F4xx_HAL_Driver/Src/stm32f4xx_hal_rcc_ex.o
LOAD Drivers/STM32F4xx_HAL_Driver/Src/stm32f4xx_hal_tim.o
LOAD Drivers/STM32F4xx_HAL_Driver/Src/stm32f4xx_hal_tim_ex.o
LOAD Drivers/STM32F4xx_HAL_Driver/Src/stm32f4xx_hal_uart.o
START GROUP
LOAD e:/mcu tapit/st/stm32cubeide_1.4.0/stm32cubeide/plugins/com.st.stm32cube.ide.mcu.externaltools.gnu-tools-for-stm32.7-2018-q2-update.win32_1.4.0.202007081208/tools/bin/../lib/gcc/arm-none-eabi/7.3.1/../../../../arm-none-eabi/lib/thumb/v7e-m/fpv4-sp/hard\libstdc++_nano.a
LOAD e:/mcu tapit/st/stm32cubeide_1.4.0/stm32cubeide/plugins/com.st.stm32cube.ide.mcu.externaltools.gnu-tools-for-stm32.7-2018-q2-update.win32_1.4.0.202007081208/tools/bin/../lib/gcc/arm-none-eabi/7.3.1/../../../../arm-none-eabi/lib/thumb/v7e-m/fpv4-sp/hard\libsupc++_nano.a
END GROUP
LOAD e:/mcu tapit/st/stm32cubeide_1.4.0/stm32cubeide/plugins/com.st.stm32cube.ide.mcu.externaltools.gnu-tools-for-stm32.7-2018-q2-update.win32_1.4.0.202007081208/tools/bin/../lib/gcc/arm-none-eabi/7.3.1/../../../../arm-none-eabi/lib/thumb/v7e-m/fpv4-sp/hard\libstdc++_nano.a
LOAD e:/mcu tapit/st/stm32cubeide_1.4.0/stm32cubeide/plugins/com.st.stm32cube.ide.mcu.externaltools.gnu-tools-for-stm32.7-2018-q2-update.win32_1.4.0.202007081208/tools/bin/../lib/gcc/arm-none-eabi/7.3.1/../../../../arm-none-eabi/lib/thumb/v7e-m/fpv4-sp/hard\libm.a
LOAD e:/mcu tapit/st/stm32cubeide_1.4.0/stm32cubeide/plugins/com.st.stm32cube.ide.mcu.externaltools.gnu-tools-for-stm32.7-2018-q2-update.win32_1.4.0.202007081208/tools/bin/../lib/gcc/arm-none-eabi/7.3.1/../../../../arm-none-eabi/lib/thumb/v7e-m/fpv4-sp/hard\libc_nano.a
START GROUP
LOAD e:/mcu tapit/st/stm32cubeide_1.4.0/stm32cubeide/plugins/com.st.stm32cube.ide.mcu.externaltools.gnu-tools-for-stm32.7-2018-q2-update.win32_1.4.0.202007081208/tools/bin/../lib/gcc/arm-none-eabi/7.3.1/thumb/v7e-m/fpv4-sp/hard\libgcc.a
LOAD e:/mcu tapit/st/stm32cubeide_1.4.0/stm32cubeide/plugins/com.st.stm32cube.ide.mcu.externaltools.gnu-tools-for-stm32.7-2018-q2-update.win32_1.4.0.202007081208/tools/bin/../lib/gcc/arm-none-eabi/7.3.1/../../../../arm-none-eabi/lib/thumb/v7e-m/fpv4-sp/hard\libc_nano.a
END GROUP
START GROUP
LOAD e:/mcu tapit/st/stm32cubeide_1.4.0/stm32cubeide/plugins/com.st.stm32cube.ide.mcu.externaltools.gnu-tools-for-stm32.7-2018-q2-update.win32_1.4.0.202007081208/tools/bin/../lib/gcc/arm-none-eabi/7.3.1/thumb/v7e-m/fpv4-sp/hard\libgcc.a
LOAD e:/mcu tapit/st/stm32cubeide_1.4.0/stm32cubeide/plugins/com.st.stm32cube.ide.mcu.externaltools.gnu-tools-for-stm32.7-2018-q2-update.win32_1.4.0.202007081208/tools/bin/../lib/gcc/arm-none-eabi/7.3.1/../../../../arm-none-eabi/lib/thumb/v7e-m/fpv4-sp/hard\libc_nano.a
LOAD e:/mcu tapit/st/stm32cubeide_1.4.0/stm32cubeide/plugins/com.st.stm32cube.ide.mcu.externaltools.gnu-tools-for-stm32.7-2018-q2-update.win32_1.4.0.202007081208/tools/bin/../lib/gcc/arm-none-eabi/7.3.1/../../../../arm-none-eabi/lib/thumb/v7e-m/fpv4-sp/hard\libnosys.a
END GROUP
START GROUP
LOAD e:/mcu tapit/st/stm32cubeide_1.4.0/stm32cubeide/plugins/com.st.stm32cube.ide.mcu.externaltools.gnu-tools-for-stm32.7-2018-q2-update.win32_1.4.0.202007081208/tools/bin/../lib/gcc/arm-none-eabi/7.3.1/thumb/v7e-m/fpv4-sp/hard\libgcc.a
LOAD e:/mcu tapit/st/stm32cubeide_1.4.0/stm32cubeide/plugins/com.st.stm32cube.ide.mcu.externaltools.gnu-tools-for-stm32.7-2018-q2-update.win32_1.4.0.202007081208/tools/bin/../lib/gcc/arm-none-eabi/7.3.1/../../../../arm-none-eabi/lib/thumb/v7e-m/fpv4-sp/hard\libc_nano.a
LOAD e:/mcu tapit/st/stm32cubeide_1.4.0/stm32cubeide/plugins/com.st.stm32cube.ide.mcu.externaltools.gnu-tools-for-stm32.7-2018-q2-update.win32_1.4.0.202007081208/tools/bin/../lib/gcc/arm-none-eabi/7.3.1/../../../../arm-none-eabi/lib/thumb/v7e-m/fpv4-sp/hard\libnosys.a
END GROUP
LOAD e:/mcu tapit/st/stm32cubeide_1.4.0/stm32cubeide/plugins/com.st.stm32cube.ide.mcu.externaltools.gnu-tools-for-stm32.7-2018-q2-update.win32_1.4.0.202007081208/tools/bin/../lib/gcc/arm-none-eabi/7.3.1/thumb/v7e-m/fpv4-sp/hard/crtend.o
LOAD e:/mcu tapit/st/stm32cubeide_1.4.0/stm32cubeide/plugins/com.st.stm32cube.ide.mcu.externaltools.gnu-tools-for-stm32.7-2018-q2-update.win32_1.4.0.202007081208/tools/bin/../lib/gcc/arm-none-eabi/7.3.1/thumb/v7e-m/fpv4-sp/hard/crtn.o
                0x0000000020020000                _estack = (ORIGIN (RAM) + LENGTH (RAM))
                0x0000000000000200                _Min_Heap_Size = 0x200
                0x0000000000000400                _Min_Stack_Size = 0x400

.isr_vector     0x0000000008000000      0x198
                0x0000000008000000                . = ALIGN (0x4)
 *(.isr_vector)
 .isr_vector    0x0000000008000000      0x198 Core/Startup/startup_stm32f411vetx.o
                0x0000000008000000                g_pfnVectors
                0x0000000008000198                . = ALIGN (0x4)

.text           0x0000000008000198     0x2a20
                0x0000000008000198                . = ALIGN (0x4)
 *(.text)
 .text          0x0000000008000198       0x40 e:/mcu tapit/st/stm32cubeide_1.4.0/stm32cubeide/plugins/com.st.stm32cube.ide.mcu.externaltools.gnu-tools-for-stm32.7-2018-q2-update.win32_1.4.0.202007081208/tools/bin/../lib/gcc/arm-none-eabi/7.3.1/thumb/v7e-m/fpv4-sp/hard/crtbegin.o
 .text          0x00000000080001d8       0x30 e:/mcu tapit/st/stm32cubeide_1.4.0/stm32cubeide/plugins/com.st.stm32cube.ide.mcu.externaltools.gnu-tools-for-stm32.7-2018-q2-update.win32_1.4.0.202007081208/tools/bin/../lib/gcc/arm-none-eabi/7.3.1/thumb/v7e-m/fpv4-sp/hard\libgcc.a(_aeabi_uldivmod.o)
                0x00000000080001d8                __aeabi_uldivmod
 .text          0x0000000008000208      0x2cc e:/mcu tapit/st/stm32cubeide_1.4.0/stm32cubeide/plugins/com.st.stm32cube.ide.mcu.externaltools.gnu-tools-for-stm32.7-2018-q2-update.win32_1.4.0.202007081208/tools/bin/../lib/gcc/arm-none-eabi/7.3.1/thumb/v7e-m/fpv4-sp/hard\libgcc.a(_udivmoddi4.o)
                0x0000000008000208                __udivmoddi4
 .text          0x00000000080004d4        0x4 e:/mcu tapit/st/stm32cubeide_1.4.0/stm32cubeide/plugins/com.st.stm32cube.ide.mcu.externaltools.gnu-tools-for-stm32.7-2018-q2-update.win32_1.4.0.202007081208/tools/bin/../lib/gcc/arm-none-eabi/7.3.1/thumb/v7e-m/fpv4-sp/hard\libgcc.a(_dvmd_tls.o)
                0x00000000080004d4                __aeabi_idiv0
                0x00000000080004d4                __aeabi_ldiv0
 *(.text*)
 .text.SetM1Pin
                0x00000000080004d8       0x7c Core/Src/CallMain.o
                0x00000000080004d8                SetM1Pin
 .text.SetM2Pin
                0x0000000008000554       0x7c Core/Src/CallMain.o
                0x0000000008000554                SetM2Pin
 .text.InitAutoCar
                0x00000000080005d0       0x54 Core/Src/StepMotor.o
                0x00000000080005d0                InitAutoCar
 .text.SetSpeedMPin
                0x0000000008000624       0x52 Core/Src/StepMotor.o
                0x0000000008000624                SetSpeedMPin
 *fill*         0x0000000008000676        0x2 
 .text.SetSpeedM
                0x0000000008000678       0x74 Core/Src/StepMotor.o
                0x0000000008000678                SetSpeedM
 .text.InitMotor
                0x00000000080006ec       0x74 Core/Src/StepMotor.o
                0x00000000080006ec                InitMotor
 .text.RunningCar
                0x0000000008000760       0x24 Core/Src/StepMotor.o
                0x0000000008000760                RunningCar
 .text.HAL_TIM_PeriodElapsedCallback
                0x0000000008000784       0x20 Core/Src/main.o
                0x0000000008000784                HAL_TIM_PeriodElapsedCallback
 .text.main     0x00000000080007a4       0x50 Core/Src/main.o
                0x00000000080007a4                main
 .text.SystemClock_Config
                0x00000000080007f4       0xbc Core/Src/main.o
                0x00000000080007f4                SystemClock_Config
 .text.MX_TIM2_Init
                0x00000000080008b0       0x98 Core/Src/main.o
 .text.MX_USART1_UART_Init
                0x0000000008000948       0x54 Core/Src/main.o
 .text.MX_USART2_UART_Init
                0x000000000800099c       0x54 Core/Src/main.o
 .text.MX_GPIO_Init
                0x00000000080009f0       0xd4 Core/Src/main.o
 .text.Error_Handler
                0x0000000008000ac4        0xe Core/Src/main.o
                0x0000000008000ac4                Error_Handler
 *fill*         0x0000000008000ad2        0x2 
 .text.HAL_MspInit
                0x0000000008000ad4       0x50 Core/Src/stm32f4xx_hal_msp.o
                0x0000000008000ad4                HAL_MspInit
 .text.HAL_TIM_Base_MspInit
                0x0000000008000b24       0x4c Core/Src/stm32f4xx_hal_msp.o
                0x0000000008000b24                HAL_TIM_Base_MspInit
 .text.HAL_UART_MspInit
                0x0000000008000b70       0xf8 Core/Src/stm32f4xx_hal_msp.o
                0x0000000008000b70                HAL_UART_MspInit
 .text.NMI_Handler
                0x0000000008000c68        0xe Core/Src/stm32f4xx_it.o
                0x0000000008000c68                NMI_Handler
 .text.HardFault_Handler
                0x0000000008000c76        0x6 Core/Src/stm32f4xx_it.o
                0x0000000008000c76                HardFault_Handler
 .text.MemManage_Handler
                0x0000000008000c7c        0x6 Core/Src/stm32f4xx_it.o
                0x0000000008000c7c                MemManage_Handler
 .text.BusFault_Handler
                0x0000000008000c82        0x6 Core/Src/stm32f4xx_it.o
                0x0000000008000c82                BusFault_Handler
 .text.UsageFault_Handler
                0x0000000008000c88        0x6 Core/Src/stm32f4xx_it.o
                0x0000000008000c88                UsageFault_Handler
 .text.SVC_Handler
                0x0000000008000c8e        0xe Core/Src/stm32f4xx_it.o
                0x0000000008000c8e                SVC_Handler
 .text.DebugMon_Handler
                0x0000000008000c9c        0xe Core/Src/stm32f4xx_it.o
                0x0000000008000c9c                DebugMon_Handler
 .text.PendSV_Handler
                0x0000000008000caa        0xe Core/Src/stm32f4xx_it.o
                0x0000000008000caa                PendSV_Handler
 .text.SysTick_Handler
                0x0000000008000cb8        0xc Core/Src/stm32f4xx_it.o
                0x0000000008000cb8                SysTick_Handler
 .text.TIM2_IRQHandler
                0x0000000008000cc4       0x14 Core/Src/stm32f4xx_it.o
                0x0000000008000cc4                TIM2_IRQHandler
 .text.SystemInit
                0x0000000008000cd8       0x2c Core/Src/system_stm32f4xx.o
                0x0000000008000cd8                SystemInit
 .text.Reset_Handler
                0x0000000008000d04       0x50 Core/Startup/startup_stm32f411vetx.o
                0x0000000008000d04                Reset_Handler
 .text.Default_Handler
                0x0000000008000d54        0x2 Core/Startup/startup_stm32f411vetx.o
                0x0000000008000d54                RTC_Alarm_IRQHandler
                0x0000000008000d54                EXTI2_IRQHandler
                0x0000000008000d54                SPI4_IRQHandler
                0x0000000008000d54                TIM1_CC_IRQHandler
                0x0000000008000d54                DMA2_Stream5_IRQHandler
                0x0000000008000d54                DMA1_Stream5_IRQHandler
                0x0000000008000d54                PVD_IRQHandler
                0x0000000008000d54                SDIO_IRQHandler
                0x0000000008000d54                TAMP_STAMP_IRQHandler
                0x0000000008000d54                EXTI3_IRQHandler
                0x0000000008000d54                TIM1_UP_TIM10_IRQHandler
                0x0000000008000d54                I2C3_ER_IRQHandler
                0x0000000008000d54                EXTI0_IRQHandler
                0x0000000008000d54                I2C2_EV_IRQHandler
                0x0000000008000d54                DMA1_Stream2_IRQHandler
                0x0000000008000d54                FPU_IRQHandler
                0x0000000008000d54                DMA2_Stream2_IRQHandler
                0x0000000008000d54                SPI1_IRQHandler
                0x0000000008000d54                TIM1_BRK_TIM9_IRQHandler
                0x0000000008000d54                DMA2_Stream3_IRQHandler
                0x0000000008000d54                USART6_IRQHandler
                0x0000000008000d54                DMA2_Stream0_IRQHandler
                0x0000000008000d54                TIM4_IRQHandler
                0x0000000008000d54                I2C1_EV_IRQHandler
                0x0000000008000d54                DMA1_Stream6_IRQHandler
                0x0000000008000d54                DMA1_Stream1_IRQHandler
                0x0000000008000d54                TIM3_IRQHandler
                0x0000000008000d54                RCC_IRQHandler
                0x0000000008000d54                Default_Handler
                0x0000000008000d54                EXTI15_10_IRQHandler
                0x0000000008000d54                ADC_IRQHandler
                0x0000000008000d54                DMA1_Stream7_IRQHandler
                0x0000000008000d54                SPI5_IRQHandler
                0x0000000008000d54                TIM5_IRQHandler
                0x0000000008000d54                DMA2_Stream7_IRQHandler
                0x0000000008000d54                I2C3_EV_IRQHandler
                0x0000000008000d54                EXTI9_5_IRQHandler
                0x0000000008000d54                RTC_WKUP_IRQHandler
                0x0000000008000d54                SPI2_IRQHandler
                0x0000000008000d54                DMA1_Stream0_IRQHandler
                0x0000000008000d54                EXTI4_IRQHandler
                0x0000000008000d54                WWDG_IRQHandler
                0x0000000008000d54                OTG_FS_WKUP_IRQHandler
                0x0000000008000d54                TIM1_TRG_COM_TIM11_IRQHandler
                0x0000000008000d54                EXTI1_IRQHandler
                0x0000000008000d54                USART2_IRQHandler
                0x0000000008000d54                I2C2_ER_IRQHandler
                0x0000000008000d54                DMA2_Stream1_IRQHandler
                0x0000000008000d54                FLASH_IRQHandler
                0x0000000008000d54                DMA2_Stream4_IRQHandler
                0x0000000008000d54                USART1_IRQHandler
                0x0000000008000d54                OTG_FS_IRQHandler
                0x0000000008000d54                SPI3_IRQHandler
                0x0000000008000d54                DMA1_Stream4_IRQHandler
                0x0000000008000d54                I2C1_ER_IRQHandler
                0x0000000008000d54                DMA2_Stream6_IRQHandler
                0x0000000008000d54                DMA1_Stream3_IRQHandler
 *fill*         0x0000000008000d56        0x2 
 .text.HAL_Init
                0x0000000008000d58       0x44 Drivers/STM32F4xx_HAL_Driver/Src/stm32f4xx_hal.o
                0x0000000008000d58                HAL_Init
 .text.HAL_InitTick
                0x0000000008000d9c       0x60 Drivers/STM32F4xx_HAL_Driver/Src/stm32f4xx_hal.o
                0x0000000008000d9c                HAL_InitTick
 .text.HAL_IncTick
                0x0000000008000dfc       0x28 Drivers/STM32F4xx_HAL_Driver/Src/stm32f4xx_hal.o
                0x0000000008000dfc                HAL_IncTick
 .text.HAL_GetTick
                0x0000000008000e24       0x18 Drivers/STM32F4xx_HAL_Driver/Src/stm32f4xx_hal.o
                0x0000000008000e24                HAL_GetTick
 .text.__NVIC_SetPriorityGrouping
                0x0000000008000e3c       0x48 Drivers/STM32F4xx_HAL_Driver/Src/stm32f4xx_hal_cortex.o
 .text.__NVIC_GetPriorityGrouping
                0x0000000008000e84       0x1c Drivers/STM32F4xx_HAL_Driver/Src/stm32f4xx_hal_cortex.o
 .text.__NVIC_EnableIRQ
                0x0000000008000ea0       0x3c Drivers/STM32F4xx_HAL_Driver/Src/stm32f4xx_hal_cortex.o
 .text.__NVIC_SetPriority
                0x0000000008000edc       0x54 Drivers/STM32F4xx_HAL_Driver/Src/stm32f4xx_hal_cortex.o
 .text.NVIC_EncodePriority
                0x0000000008000f30       0x66 Drivers/STM32F4xx_HAL_Driver/Src/stm32f4xx_hal_cortex.o
 *fill*         0x0000000008000f96        0x2 
 .text.SysTick_Config
                0x0000000008000f98       0x44 Drivers/STM32F4xx_HAL_Driver/Src/stm32f4xx_hal_cortex.o
 .text.HAL_NVIC_SetPriorityGrouping
                0x0000000008000fdc       0x16 Drivers/STM32F4xx_HAL_Driver/Src/stm32f4xx_hal_cortex.o
                0x0000000008000fdc                HAL_NVIC_SetPriorityGrouping
 .text.HAL_NVIC_SetPriority
                0x0000000008000ff2       0x38 Drivers/STM32F4xx_HAL_Driver/Src/stm32f4xx_hal_cortex.o
                0x0000000008000ff2                HAL_NVIC_SetPriority
 .text.HAL_NVIC_EnableIRQ
                0x000000000800102a       0x1c Drivers/STM32F4xx_HAL_Driver/Src/stm32f4xx_hal_cortex.o
                0x000000000800102a                HAL_NVIC_EnableIRQ
 .text.HAL_SYSTICK_Config
                0x0000000008001046       0x18 Drivers/STM32F4xx_HAL_Driver/Src/stm32f4xx_hal_cortex.o
                0x0000000008001046                HAL_SYSTICK_Config
 *fill*         0x000000000800105e        0x2 
 .text.HAL_GPIO_Init
                0x0000000008001060      0x304 Drivers/STM32F4xx_HAL_Driver/Src/stm32f4xx_hal_gpio.o
                0x0000000008001060                HAL_GPIO_Init
 .text.HAL_GPIO_WritePin
                0x0000000008001364       0x32 Drivers/STM32F4xx_HAL_Driver/Src/stm32f4xx_hal_gpio.o
                0x0000000008001364                HAL_GPIO_WritePin
 *fill*         0x0000000008001396        0x2 
 .text.HAL_RCC_OscConfig
                0x0000000008001398      0x4e0 Drivers/STM32F4xx_HAL_Driver/Src/stm32f4xx_hal_rcc.o
                0x0000000008001398                HAL_RCC_OscConfig
 .text.HAL_RCC_ClockConfig
                0x0000000008001878      0x1cc Drivers/STM32F4xx_HAL_Driver/Src/stm32f4xx_hal_rcc.o
                0x0000000008001878                HAL_RCC_ClockConfig
 .text.HAL_RCC_GetSysClockFreq
                0x0000000008001a44      0x164 Drivers/STM32F4xx_HAL_Driver/Src/stm32f4xx_hal_rcc.o
                0x0000000008001a44                HAL_RCC_GetSysClockFreq
 .text.HAL_RCC_GetHCLKFreq
                0x0000000008001ba8       0x18 Drivers/STM32F4xx_HAL_Driver/Src/stm32f4xx_hal_rcc.o
                0x0000000008001ba8                HAL_RCC_GetHCLKFreq
 .text.HAL_RCC_GetPCLK1Freq
                0x0000000008001bc0       0x28 Drivers/STM32F4xx_HAL_Driver/Src/stm32f4xx_hal_rcc.o
                0x0000000008001bc0                HAL_RCC_GetPCLK1Freq
 .text.HAL_RCC_GetPCLK2Freq
                0x0000000008001be8       0x28 Drivers/STM32F4xx_HAL_Driver/Src/stm32f4xx_hal_rcc.o
                0x0000000008001be8                HAL_RCC_GetPCLK2Freq
 .text.HAL_TIM_Base_Init
                0x0000000008001c10       0x56 Drivers/STM32F4xx_HAL_Driver/Src/stm32f4xx_hal_tim.o
                0x0000000008001c10                HAL_TIM_Base_Init
 .text.HAL_TIM_Base_Start_IT
                0x0000000008001c66       0x48 Drivers/STM32F4xx_HAL_Driver/Src/stm32f4xx_hal_tim.o
                0x0000000008001c66                HAL_TIM_Base_Start_IT
 .text.HAL_TIM_IRQHandler
                0x0000000008001cae      0x210 Drivers/STM32F4xx_HAL_Driver/Src/stm32f4xx_hal_tim.o
                0x0000000008001cae                HAL_TIM_IRQHandler
 .text.HAL_TIM_ConfigClockSource
                0x0000000008001ebe      0x16e Drivers/STM32F4xx_HAL_Driver/Src/stm32f4xx_hal_tim.o
                0x0000000008001ebe                HAL_TIM_ConfigClockSource
 .text.HAL_TIM_OC_DelayElapsedCallback
                0x000000000800202c       0x14 Drivers/STM32F4xx_HAL_Driver/Src/stm32f4xx_hal_tim.o
                0x000000000800202c                HAL_TIM_OC_DelayElapsedCallback
 .text.HAL_TIM_IC_CaptureCallback
                0x0000000008002040       0x14 Drivers/STM32F4xx_HAL_Driver/Src/stm32f4xx_hal_tim.o
                0x0000000008002040                HAL_TIM_IC_CaptureCallback
 .text.HAL_TIM_PWM_PulseFinishedCallback
                0x0000000008002054       0x14 Drivers/STM32F4xx_HAL_Driver/Src/stm32f4xx_hal_tim.o
                0x0000000008002054                HAL_TIM_PWM_PulseFinishedCallback
 .text.HAL_TIM_TriggerCallback
                0x0000000008002068       0x14 Drivers/STM32F4xx_HAL_Driver/Src/stm32f4xx_hal_tim.o
                0x0000000008002068                HAL_TIM_TriggerCallback
 .text.TIM_Base_SetConfig
                0x000000000800207c      0x100 Drivers/STM32F4xx_HAL_Driver/Src/stm32f4xx_hal_tim.o
                0x000000000800207c                TIM_Base_SetConfig
 .text.TIM_TI1_ConfigInputStage
                0x000000000800217c       0x5e Drivers/STM32F4xx_HAL_Driver/Src/stm32f4xx_hal_tim.o
 .text.TIM_TI2_ConfigInputStage
                0x00000000080021da       0x60 Drivers/STM32F4xx_HAL_Driver/Src/stm32f4xx_hal_tim.o
 .text.TIM_ITRx_SetConfig
                0x000000000800223a       0x36 Drivers/STM32F4xx_HAL_Driver/Src/stm32f4xx_hal_tim.o
 .text.TIM_ETR_SetConfig
                0x0000000008002270       0x40 Drivers/STM32F4xx_HAL_Driver/Src/stm32f4xx_hal_tim.o
                0x0000000008002270                TIM_ETR_SetConfig
 .text.HAL_TIMEx_MasterConfigSynchronization
                0x00000000080022b0       0xdc Drivers/STM32F4xx_HAL_Driver/Src/stm32f4xx_hal_tim_ex.o
                0x00000000080022b0                HAL_TIMEx_MasterConfigSynchronization
 .text.HAL_TIMEx_CommutCallback
                0x000000000800238c       0x14 Drivers/STM32F4xx_HAL_Driver/Src/stm32f4xx_hal_tim_ex.o
                0x000000000800238c                HAL_TIMEx_CommutCallback
 .text.HAL_TIMEx_BreakCallback
                0x00000000080023a0       0x14 Drivers/STM32F4xx_HAL_Driver/Src/stm32f4xx_hal_tim_ex.o
                0x00000000080023a0                HAL_TIMEx_BreakCallback
 .text.HAL_UART_Init
                0x00000000080023b4       0x9a Drivers/STM32F4xx_HAL_Driver/Src/stm32f4xx_hal_uart.o
                0x00000000080023b4                HAL_UART_Init
 *fill*         0x000000000800244e        0x2 
 .text.UART_SetConfig
                0x0000000008002450      0x6f8 Drivers/STM32F4xx_HAL_Driver/Src/stm32f4xx_hal_uart.o
 .text.__libc_init_array
                0x0000000008002b48       0x48 e:/mcu tapit/st/stm32cubeide_1.4.0/stm32cubeide/plugins/com.st.stm32cube.ide.mcu.externaltools.gnu-tools-for-stm32.7-2018-q2-update.win32_1.4.0.202007081208/tools/bin/../lib/gcc/arm-none-eabi/7.3.1/../../../../arm-none-eabi/lib/thumb/v7e-m/fpv4-sp/hard\libc_nano.a(lib_a-init.o)
                0x0000000008002b48                __libc_init_array
 .text.memset   0x0000000008002b90       0x10 e:/mcu tapit/st/stm32cubeide_1.4.0/stm32cubeide/plugins/com.st.stm32cube.ide.mcu.externaltools.gnu-tools-for-stm32.7-2018-q2-update.win32_1.4.0.202007081208/tools/bin/../lib/gcc/arm-none-eabi/7.3.1/../../../../arm-none-eabi/lib/thumb/v7e-m/fpv4-sp/hard\libc_nano.a(lib_a-memset.o)
                0x0000000008002b90                memset
 *(.glue_7)
 .glue_7        0x0000000008002ba0        0x0 linker stubs
 *(.glue_7t)
 .glue_7t       0x0000000008002ba0        0x0 linker stubs
 *(.eh_frame)
 .eh_frame      0x0000000008002ba0        0x0 e:/mcu tapit/st/stm32cubeide_1.4.0/stm32cubeide/plugins/com.st.stm32cube.ide.mcu.externaltools.gnu-tools-for-stm32.7-2018-q2-update.win32_1.4.0.202007081208/tools/bin/../lib/gcc/arm-none-eabi/7.3.1/thumb/v7e-m/fpv4-sp/hard/crtbegin.o
 *(.init)
 .init          0x0000000008002ba0        0x4 e:/mcu tapit/st/stm32cubeide_1.4.0/stm32cubeide/plugins/com.st.stm32cube.ide.mcu.externaltools.gnu-tools-for-stm32.7-2018-q2-update.win32_1.4.0.202007081208/tools/bin/../lib/gcc/arm-none-eabi/7.3.1/thumb/v7e-m/fpv4-sp/hard/crti.o
                0x0000000008002ba0                _init
 .init          0x0000000008002ba4        0x8 e:/mcu tapit/st/stm32cubeide_1.4.0/stm32cubeide/plugins/com.st.stm32cube.ide.mcu.externaltools.gnu-tools-for-stm32.7-2018-q2-update.win32_1.4.0.202007081208/tools/bin/../lib/gcc/arm-none-eabi/7.3.1/thumb/v7e-m/fpv4-sp/hard/crtn.o
 *(.fini)
 .fini          0x0000000008002bac        0x4 e:/mcu tapit/st/stm32cubeide_1.4.0/stm32cubeide/plugins/com.st.stm32cube.ide.mcu.externaltools.gnu-tools-for-stm32.7-2018-q2-update.win32_1.4.0.202007081208/tools/bin/../lib/gcc/arm-none-eabi/7.3.1/thumb/v7e-m/fpv4-sp/hard/crti.o
                0x0000000008002bac                _fini
 .fini          0x0000000008002bb0        0x8 e:/mcu tapit/st/stm32cubeide_1.4.0/stm32cubeide/plugins/com.st.stm32cube.ide.mcu.externaltools.gnu-tools-for-stm32.7-2018-q2-update.win32_1.4.0.202007081208/tools/bin/../lib/gcc/arm-none-eabi/7.3.1/thumb/v7e-m/fpv4-sp/hard/crtn.o
                0x0000000008002bb8                . = ALIGN (0x4)
                0x0000000008002bb8                _etext = .

.vfp11_veneer   0x0000000008002bb8        0x0
 .vfp11_veneer  0x0000000008002bb8        0x0 linker stubs

.v4_bx          0x0000000008002bb8        0x0
 .v4_bx         0x0000000008002bb8        0x0 linker stubs

.iplt           0x0000000008002bb8        0x0
 .iplt          0x0000000008002bb8        0x0 e:/mcu tapit/st/stm32cubeide_1.4.0/stm32cubeide/plugins/com.st.stm32cube.ide.mcu.externaltools.gnu-tools-for-stm32.7-2018-q2-update.win32_1.4.0.202007081208/tools/bin/../lib/gcc/arm-none-eabi/7.3.1/thumb/v7e-m/fpv4-sp/hard/crtbegin.o

.rodata         0x0000000008002bb8       0x18
                0x0000000008002bb8                . = ALIGN (0x4)
 *(.rodata)
 *(.rodata*)
 .rodata.AHBPrescTable
                0x0000000008002bb8       0x10 Core/Src/system_stm32f4xx.o
                0x0000000008002bb8                AHBPrescTable
 .rodata.APBPrescTable
                0x0000000008002bc8        0x8 Core/Src/system_stm32f4xx.o
                0x0000000008002bc8                APBPrescTable
                0x0000000008002bd0                . = ALIGN (0x4)

.ARM.extab      0x0000000008002bd0        0x0
                0x0000000008002bd0                . = ALIGN (0x4)
 *(.ARM.extab* .gnu.linkonce.armextab.*)
                0x0000000008002bd0                . = ALIGN (0x4)

.ARM            0x0000000008002bd0        0x8
                0x0000000008002bd0                . = ALIGN (0x4)
                0x0000000008002bd0                __exidx_start = .
 *(.ARM.exidx*)
 .ARM.exidx     0x0000000008002bd0        0x8 e:/mcu tapit/st/stm32cubeide_1.4.0/stm32cubeide/plugins/com.st.stm32cube.ide.mcu.externaltools.gnu-tools-for-stm32.7-2018-q2-update.win32_1.4.0.202007081208/tools/bin/../lib/gcc/arm-none-eabi/7.3.1/thumb/v7e-m/fpv4-sp/hard\libgcc.a(_udivmoddi4.o)
                0x0000000008002bd8                __exidx_end = .
                0x0000000008002bd8                . = ALIGN (0x4)

.rel.dyn        0x0000000008002bd8        0x0
 .rel.iplt      0x0000000008002bd8        0x0 e:/mcu tapit/st/stm32cubeide_1.4.0/stm32cubeide/plugins/com.st.stm32cube.ide.mcu.externaltools.gnu-tools-for-stm32.7-2018-q2-update.win32_1.4.0.202007081208/tools/bin/../lib/gcc/arm-none-eabi/7.3.1/thumb/v7e-m/fpv4-sp/hard/crtbegin.o

.preinit_array  0x0000000008002bd8        0x0
                0x0000000008002bd8                . = ALIGN (0x4)
                0x0000000008002bd8                PROVIDE (__preinit_array_start = .)
 *(.preinit_array*)
                0x0000000008002bd8                PROVIDE (__preinit_array_end = .)
                0x0000000008002bd8                . = ALIGN (0x4)

.init_array     0x0000000008002bd8        0x4
                0x0000000008002bd8                . = ALIGN (0x4)
                0x0000000008002bd8                PROVIDE (__init_array_start = .)
 *(SORT_BY_NAME(.init_array.*))
 *(.init_array*)
 .init_array    0x0000000008002bd8        0x4 e:/mcu tapit/st/stm32cubeide_1.4.0/stm32cubeide/plugins/com.st.stm32cube.ide.mcu.externaltools.gnu-tools-for-stm32.7-2018-q2-update.win32_1.4.0.202007081208/tools/bin/../lib/gcc/arm-none-eabi/7.3.1/thumb/v7e-m/fpv4-sp/hard/crtbegin.o
                0x0000000008002bdc                PROVIDE (__init_array_end = .)
                0x0000000008002bdc                . = ALIGN (0x4)

.fini_array     0x0000000008002bdc        0x4
                0x0000000008002bdc                . = ALIGN (0x4)
                [!provide]                        PROVIDE (__fini_array_start = .)
 *(SORT_BY_NAME(.fini_array.*))
 *(.fini_array*)
 .fini_array    0x0000000008002bdc        0x4 e:/mcu tapit/st/stm32cubeide_1.4.0/stm32cubeide/plugins/com.st.stm32cube.ide.mcu.externaltools.gnu-tools-for-stm32.7-2018-q2-update.win32_1.4.0.202007081208/tools/bin/../lib/gcc/arm-none-eabi/7.3.1/thumb/v7e-m/fpv4-sp/hard/crtbegin.o
                [!provide]                        PROVIDE (__fini_array_end = .)
                0x0000000008002be0                . = ALIGN (0x4)
                0x0000000008002be0                _sidata = LOADADDR (.data)

.data           0x0000000020000000        0xc load address 0x0000000008002be0
                0x0000000020000000                . = ALIGN (0x4)
                0x0000000020000000                _sdata = .
 *(.data)
 *(.data*)
 .data.SystemCoreClock
                0x0000000020000000        0x4 Core/Src/system_stm32f4xx.o
                0x0000000020000000                SystemCoreClock
 .data.uwTickPrio
                0x0000000020000004        0x4 Drivers/STM32F4xx_HAL_Driver/Src/stm32f4xx_hal.o
                0x0000000020000004                uwTickPrio
 .data.uwTickFreq
                0x0000000020000008        0x1 Drivers/STM32F4xx_HAL_Driver/Src/stm32f4xx_hal.o
                0x0000000020000008                uwTickFreq
                0x000000002000000c                . = ALIGN (0x4)
 *fill*         0x0000000020000009        0x3 
                0x000000002000000c                _edata = .

.igot.plt       0x000000002000000c        0x0 load address 0x0000000008002bec
 .igot.plt      0x000000002000000c        0x0 e:/mcu tapit/st/stm32cubeide_1.4.0/stm32cubeide/plugins/com.st.stm32cube.ide.mcu.externaltools.gnu-tools-for-stm32.7-2018-q2-update.win32_1.4.0.202007081208/tools/bin/../lib/gcc/arm-none-eabi/7.3.1/thumb/v7e-m/fpv4-sp/hard/crtbegin.o
                0x000000002000000c                . = ALIGN (0x4)

.bss            0x000000002000000c       0xfc load address 0x0000000008002bec
                0x000000002000000c                _sbss = .
                0x000000002000000c                __bss_start__ = _sbss
 *(.bss)
 .bss           0x000000002000000c       0x1c e:/mcu tapit/st/stm32cubeide_1.4.0/stm32cubeide/plugins/com.st.stm32cube.ide.mcu.externaltools.gnu-tools-for-stm32.7-2018-q2-update.win32_1.4.0.202007081208/tools/bin/../lib/gcc/arm-none-eabi/7.3.1/thumb/v7e-m/fpv4-sp/hard/crtbegin.o
 *(.bss*)
 .bss.NumOfNextMotor
                0x0000000020000028        0x1 Core/Src/StepMotor.o
                0x0000000020000028                NumOfNextMotor
 *fill*         0x0000000020000029        0x3 
 .bss.StepPendingOfMotors
                0x000000002000002c        0x8 Core/Src/StepMotor.o
                0x000000002000002c                StepPendingOfMotors
 .bss.RunningMotor
                0x0000000020000034        0x2 Core/Src/StepMotor.o
                0x0000000020000034                RunningMotor
 *fill*         0x0000000020000036        0x2 
 .bss.MotorArray
                0x0000000020000038        0x8 Core/Src/StepMotor.o
                0x0000000020000038                MotorArray
 *(COMMON)
 COMMON         0x0000000020000040        0x4 Core/Src/StepMotor.o
                0x0000000020000040                Running
 COMMON         0x0000000020000044       0xc0 Core/Src/main.o
                0x0000000020000044                huart1
                0x0000000020000084                htim2
                0x00000000200000c4                huart2
 COMMON         0x0000000020000104        0x4 Drivers/STM32F4xx_HAL_Driver/Src/stm32f4xx_hal.o
                0x0000000020000104                uwTick
                0x0000000020000108                . = ALIGN (0x4)
                0x0000000020000108                _ebss = .
                0x0000000020000108                __bss_end__ = _ebss

._user_heap_stack
                0x0000000020000108      0x600 load address 0x0000000008002bec
                0x0000000020000108                . = ALIGN (0x8)
                [!provide]                        PROVIDE (end = .)
                0x0000000020000108                PROVIDE (_end = .)
                0x0000000020000308                . = (. + _Min_Heap_Size)
 *fill*         0x0000000020000108      0x200 
                0x0000000020000708                . = (. + _Min_Stack_Size)
 *fill*         0x0000000020000308      0x400 
                0x0000000020000708                . = ALIGN (0x8)

/DISCARD/
 libc.a(*)
 libm.a(*)
 libgcc.a(*)

.ARM.attributes
                0x0000000000000000       0x30
 *(.ARM.attributes)
 .ARM.attributes
                0x0000000000000000       0x22 e:/mcu tapit/st/stm32cubeide_1.4.0/stm32cubeide/plugins/com.st.stm32cube.ide.mcu.externaltools.gnu-tools-for-stm32.7-2018-q2-update.win32_1.4.0.202007081208/tools/bin/../lib/gcc/arm-none-eabi/7.3.1/thumb/v7e-m/fpv4-sp/hard/crti.o
 .ARM.attributes
                0x0000000000000022       0x34 e:/mcu tapit/st/stm32cubeide_1.4.0/stm32cubeide/plugins/com.st.stm32cube.ide.mcu.externaltools.gnu-tools-for-stm32.7-2018-q2-update.win32_1.4.0.202007081208/tools/bin/../lib/gcc/arm-none-eabi/7.3.1/thumb/v7e-m/fpv4-sp/hard/crtbegin.o
 .ARM.attributes
                0x0000000000000056       0x39 Core/Src/CallMain.o
 .ARM.attributes
                0x000000000000008f       0x39 Core/Src/StepMotor.o
 .ARM.attributes
                0x00000000000000c8       0x39 Core/Src/main.o
 .ARM.attributes
                0x0000000000000101       0x39 Core/Src/stm32f4xx_hal_msp.o
 .ARM.attributes
                0x000000000000013a       0x39 Core/Src/stm32f4xx_it.o
 .ARM.attributes
                0x0000000000000173       0x39 Core/Src/system_stm32f4xx.o
 .ARM.attributes
                0x00000000000001ac       0x21 Core/Startup/startup_stm32f411vetx.o
 .ARM.attributes
                0x00000000000001cd       0x39 Drivers/STM32F4xx_HAL_Driver/Src/stm32f4xx_hal.o
 .ARM.attributes
                0x0000000000000206       0x39 Drivers/STM32F4xx_HAL_Driver/Src/stm32f4xx_hal_cortex.o
 .ARM.attributes
                0x000000000000023f       0x39 Drivers/STM32F4xx_HAL_Driver/Src/stm32f4xx_hal_gpio.o
 .ARM.attributes
                0x0000000000000278       0x39 Drivers/STM32F4xx_HAL_Driver/Src/stm32f4xx_hal_rcc.o
 .ARM.attributes
                0x00000000000002b1       0x39 Drivers/STM32F4xx_HAL_Driver/Src/stm32f4xx_hal_tim.o
 .ARM.attributes
                0x00000000000002ea       0x39 Drivers/STM32F4xx_HAL_Driver/Src/stm32f4xx_hal_tim_ex.o
 .ARM.attributes
                0x0000000000000323       0x39 Drivers/STM32F4xx_HAL_Driver/Src/stm32f4xx_hal_uart.o
 .ARM.attributes
                0x000000000000035c       0x34 e:/mcu tapit/st/stm32cubeide_1.4.0/stm32cubeide/plugins/com.st.stm32cube.ide.mcu.externaltools.gnu-tools-for-stm32.7-2018-q2-update.win32_1.4.0.202007081208/tools/bin/../lib/gcc/arm-none-eabi/7.3.1/../../../../arm-none-eabi/lib/thumb/v7e-m/fpv4-sp/hard\libc_nano.a(lib_a-init.o)
 .ARM.attributes
                0x0000000000000390       0x34 e:/mcu tapit/st/stm32cubeide_1.4.0/stm32cubeide/plugins/com.st.stm32cube.ide.mcu.externaltools.gnu-tools-for-stm32.7-2018-q2-update.win32_1.4.0.202007081208/tools/bin/../lib/gcc/arm-none-eabi/7.3.1/../../../../arm-none-eabi/lib/thumb/v7e-m/fpv4-sp/hard\libc_nano.a(lib_a-memset.o)
 .ARM.attributes
                0x00000000000003c4       0x22 e:/mcu tapit/st/stm32cubeide_1.4.0/stm32cubeide/plugins/com.st.stm32cube.ide.mcu.externaltools.gnu-tools-for-stm32.7-2018-q2-update.win32_1.4.0.202007081208/tools/bin/../lib/gcc/arm-none-eabi/7.3.1/thumb/v7e-m/fpv4-sp/hard\libgcc.a(_aeabi_uldivmod.o)
 .ARM.attributes
                0x00000000000003e6       0x34 e:/mcu tapit/st/stm32cubeide_1.4.0/stm32cubeide/plugins/com.st.stm32cube.ide.mcu.externaltools.gnu-tools-for-stm32.7-2018-q2-update.win32_1.4.0.202007081208/tools/bin/../lib/gcc/arm-none-eabi/7.3.1/thumb/v7e-m/fpv4-sp/hard\libgcc.a(_udivmoddi4.o)
 .ARM.attributes
                0x000000000000041a       0x22 e:/mcu tapit/st/stm32cubeide_1.4.0/stm32cubeide/plugins/com.st.stm32cube.ide.mcu.externaltools.gnu-tools-for-stm32.7-2018-q2-update.win32_1.4.0.202007081208/tools/bin/../lib/gcc/arm-none-eabi/7.3.1/thumb/v7e-m/fpv4-sp/hard\libgcc.a(_dvmd_tls.o)
 .ARM.attributes
                0x000000000000043c       0x22 e:/mcu tapit/st/stm32cubeide_1.4.0/stm32cubeide/plugins/com.st.stm32cube.ide.mcu.externaltools.gnu-tools-for-stm32.7-2018-q2-update.win32_1.4.0.202007081208/tools/bin/../lib/gcc/arm-none-eabi/7.3.1/thumb/v7e-m/fpv4-sp/hard/crtn.o
OUTPUT(AutoRobotRaceCpp.elf elf32-littlearm)

.debug_info     0x0000000000000000     0xa300
 .debug_info    0x0000000000000000      0x379 Core/Src/CallMain.o
 .debug_info    0x0000000000000379      0x590 Core/Src/StepMotor.o
 .debug_info    0x0000000000000909      0xfcb Core/Src/main.o
 .debug_info    0x00000000000018d4      0xe07 Core/Src/stm32f4xx_hal_msp.o
 .debug_info    0x00000000000026db      0x6e3 Core/Src/stm32f4xx_it.o
 .debug_info    0x0000000000002dbe      0x57e Core/Src/system_stm32f4xx.o
 .debug_info    0x000000000000333c       0x22 Core/Startup/startup_stm32f411vetx.o
 .debug_info    0x000000000000335e      0x8d5 Drivers/STM32F4xx_HAL_Driver/Src/stm32f4xx_hal.o
 .debug_info    0x0000000000003c33      0xd98 Drivers/STM32F4xx_HAL_Driver/Src/stm32f4xx_hal_cortex.o
 .debug_info    0x00000000000049cb      0x7d7 Drivers/STM32F4xx_HAL_Driver/Src/stm32f4xx_hal_gpio.o
 .debug_info    0x00000000000051a2      0x92a Drivers/STM32F4xx_HAL_Driver/Src/stm32f4xx_hal_rcc.o
 .debug_info    0x0000000000005acc     0x24a1 Drivers/STM32F4xx_HAL_Driver/Src/stm32f4xx_hal_tim.o
 .debug_info    0x0000000000007f6d     0x114f Drivers/STM32F4xx_HAL_Driver/Src/stm32f4xx_hal_tim_ex.o
 .debug_info    0x00000000000090bc     0x1244 Drivers/STM32F4xx_HAL_Driver/Src/stm32f4xx_hal_uart.o

.debug_abbrev   0x0000000000000000     0x196f
 .debug_abbrev  0x0000000000000000      0x15f Core/Src/CallMain.o
 .debug_abbrev  0x000000000000015f      0x1d2 Core/Src/StepMotor.o
 .debug_abbrev  0x0000000000000331      0x23b Core/Src/main.o
 .debug_abbrev  0x000000000000056c      0x1a6 Core/Src/stm32f4xx_hal_msp.o
 .debug_abbrev  0x0000000000000712      0x169 Core/Src/stm32f4xx_it.o
 .debug_abbrev  0x000000000000087b      0x12b Core/Src/system_stm32f4xx.o
 .debug_abbrev  0x00000000000009a6       0x12 Core/Startup/startup_stm32f411vetx.o
 .debug_abbrev  0x00000000000009b8      0x1f2 Drivers/STM32F4xx_HAL_Driver/Src/stm32f4xx_hal.o
 .debug_abbrev  0x0000000000000baa      0x2fa Drivers/STM32F4xx_HAL_Driver/Src/stm32f4xx_hal_cortex.o
 .debug_abbrev  0x0000000000000ea4      0x1c9 Drivers/STM32F4xx_HAL_Driver/Src/stm32f4xx_hal_gpio.o
 .debug_abbrev  0x000000000000106d      0x245 Drivers/STM32F4xx_HAL_Driver/Src/stm32f4xx_hal_rcc.o
 .debug_abbrev  0x00000000000012b2      0x23f Drivers/STM32F4xx_HAL_Driver/Src/stm32f4xx_hal_tim.o
 .debug_abbrev  0x00000000000014f1      0x22d Drivers/STM32F4xx_HAL_Driver/Src/stm32f4xx_hal_tim_ex.o
 .debug_abbrev  0x000000000000171e      0x251 Drivers/STM32F4xx_HAL_Driver/Src/stm32f4xx_hal_uart.o

.debug_aranges  0x0000000000000000      0xb88
 .debug_aranges
                0x0000000000000000       0x28 Core/Src/CallMain.o
 .debug_aranges
                0x0000000000000028       0x60 Core/Src/StepMotor.o
 .debug_aranges
                0x0000000000000088       0x58 Core/Src/main.o
 .debug_aranges
                0x00000000000000e0       0x40 Core/Src/stm32f4xx_hal_msp.o
 .debug_aranges
                0x0000000000000120       0x68 Core/Src/stm32f4xx_it.o
 .debug_aranges
                0x0000000000000188       0x28 Core/Src/system_stm32f4xx.o
 .debug_aranges
                0x00000000000001b0       0x28 Core/Startup/startup_stm32f411vetx.o
 .debug_aranges
                0x00000000000001d8       0xf0 Drivers/STM32F4xx_HAL_Driver/Src/stm32f4xx_hal.o
 .debug_aranges
                0x00000000000002c8      0x118 Drivers/STM32F4xx_HAL_Driver/Src/stm32f4xx_hal_cortex.o
 .debug_aranges
                0x00000000000003e0       0x58 Drivers/STM32F4xx_HAL_Driver/Src/stm32f4xx_hal_gpio.o
 .debug_aranges
                0x0000000000000438       0x88 Drivers/STM32F4xx_HAL_Driver/Src/stm32f4xx_hal_rcc.o
 .debug_aranges
                0x00000000000004c0      0x3a8 Drivers/STM32F4xx_HAL_Driver/Src/stm32f4xx_hal_tim.o
 .debug_aranges
                0x0000000000000868      0x150 Drivers/STM32F4xx_HAL_Driver/Src/stm32f4xx_hal_tim_ex.o
 .debug_aranges
                0x00000000000009b8      0x1d0 Drivers/STM32F4xx_HAL_Driver/Src/stm32f4xx_hal_uart.o

.debug_ranges   0x0000000000000000      0xab0
 .debug_ranges  0x0000000000000000       0x18 Core/Src/CallMain.o
 .debug_ranges  0x0000000000000018       0x50 Core/Src/StepMotor.o
 .debug_ranges  0x0000000000000068       0x48 Core/Src/main.o
 .debug_ranges  0x00000000000000b0       0x30 Core/Src/stm32f4xx_hal_msp.o
 .debug_ranges  0x00000000000000e0       0x58 Core/Src/stm32f4xx_it.o
 .debug_ranges  0x0000000000000138       0x18 Core/Src/system_stm32f4xx.o
 .debug_ranges  0x0000000000000150       0x20 Core/Startup/startup_stm32f411vetx.o
 .debug_ranges  0x0000000000000170       0xe0 Drivers/STM32F4xx_HAL_Driver/Src/stm32f4xx_hal.o
 .debug_ranges  0x0000000000000250      0x108 Drivers/STM32F4xx_HAL_Driver/Src/stm32f4xx_hal_cortex.o
 .debug_ranges  0x0000000000000358       0x48 Drivers/STM32F4xx_HAL_Driver/Src/stm32f4xx_hal_gpio.o
 .debug_ranges  0x00000000000003a0       0x78 Drivers/STM32F4xx_HAL_Driver/Src/stm32f4xx_hal_rcc.o
 .debug_ranges  0x0000000000000418      0x398 Drivers/STM32F4xx_HAL_Driver/Src/stm32f4xx_hal_tim.o
 .debug_ranges  0x00000000000007b0      0x140 Drivers/STM32F4xx_HAL_Driver/Src/stm32f4xx_hal_tim_ex.o
 .debug_ranges  0x00000000000008f0      0x1c0 Drivers/STM32F4xx_HAL_Driver/Src/stm32f4xx_hal_uart.o

.debug_macro    0x0000000000000000    0x15945
 .debug_macro   0x0000000000000000      0x1fb Core/Src/CallMain.o
 .debug_macro   0x00000000000001fb      0xa5a Core/Src/CallMain.o
 .debug_macro   0x0000000000000c55      0x294 Core/Src/CallMain.o
 .debug_macro   0x0000000000000ee9       0x2e Core/Src/CallMain.o
 .debug_macro   0x0000000000000f17       0x28 Core/Src/CallMain.o
 .debug_macro   0x0000000000000f3f       0x22 Core/Src/CallMain.o
 .debug_macro   0x0000000000000f61       0x8e Core/Src/CallMain.o
 .debug_macro   0x0000000000000fef       0x51 Core/Src/CallMain.o
 .debug_macro   0x0000000000001040       0xef Core/Src/CallMain.o
 .debug_macro   0x000000000000112f       0x6a Core/Src/CallMain.o
 .debug_macro   0x0000000000001199      0x1df Core/Src/CallMain.o
 .debug_macro   0x0000000000001378       0x1c Core/Src/CallMain.o
 .debug_macro   0x0000000000001394       0x22 Core/Src/CallMain.o
 .debug_macro   0x00000000000013b6       0xdf Core/Src/CallMain.o
 .debug_macro   0x0000000000001495     0x102d Core/Src/CallMain.o
 .debug_macro   0x00000000000024c2      0x11f Core/Src/CallMain.o
 .debug_macro   0x00000000000025e1     0xb937 Core/Src/CallMain.o
 .debug_macro   0x000000000000df18       0x43 Core/Src/CallMain.o
 .debug_macro   0x000000000000df5b     0x3659 Core/Src/CallMain.o
 .debug_macro   0x00000000000115b4      0x174 Core/Src/CallMain.o
 .debug_macro   0x0000000000011728       0x5a Core/Src/CallMain.o
 .debug_macro   0x0000000000011782      0x447 Core/Src/CallMain.o
 .debug_macro   0x0000000000011bc9      0x9fe Core/Src/CallMain.o
 .debug_macro   0x00000000000125c7      0x117 Core/Src/CallMain.o
 .debug_macro   0x00000000000126de      0x11b Core/Src/CallMain.o
 .debug_macro   0x00000000000127f9       0x27 Core/Src/CallMain.o
 .debug_macro   0x0000000000012820      0x15f Core/Src/CallMain.o
 .debug_macro   0x000000000001297f      0x287 Core/Src/CallMain.o
 .debug_macro   0x0000000000012c06       0x5f Core/Src/CallMain.o
 .debug_macro   0x0000000000012c65      0x236 Core/Src/CallMain.o
 .debug_macro   0x0000000000012e9b      0x132 Core/Src/CallMain.o
 .debug_macro   0x0000000000012fcd      0x264 Core/Src/CallMain.o
 .debug_macro   0x0000000000013231       0x2e Core/Src/CallMain.o
 .debug_macro   0x000000000001325f      0x11a Core/Src/CallMain.o
 .debug_macro   0x0000000000013379       0x85 Core/Src/CallMain.o
 .debug_macro   0x00000000000133fe       0x89 Core/Src/CallMain.o
 .debug_macro   0x0000000000013487      0x8a0 Core/Src/CallMain.o
 .debug_macro   0x0000000000013d27       0x47 Core/Src/CallMain.o
 .debug_macro   0x0000000000013d6e      0x287 Core/Src/CallMain.o
 .debug_macro   0x0000000000013ff5      0x126 Core/Src/CallMain.o
 .debug_macro   0x000000000001411b       0xa6 Core/Src/CallMain.o
 .debug_macro   0x00000000000141c1      0x1f7 Core/Src/StepMotor.o
 .debug_macro   0x00000000000143b8      0x1f5 Core/Src/main.o
 .debug_macro   0x00000000000145ad       0xac Core/Src/main.o
 .debug_macro   0x0000000000014659      0x1d8 Core/Src/stm32f4xx_hal_msp.o
 .debug_macro   0x0000000000014831      0x1e2 Core/Src/stm32f4xx_it.o
 .debug_macro   0x0000000000014a13      0x1d4 Core/Src/system_stm32f4xx.o
 .debug_macro   0x0000000000014be7      0x22e Drivers/STM32F4xx_HAL_Driver/Src/stm32f4xx_hal.o
 .debug_macro   0x0000000000014e15      0x1ce Drivers/STM32F4xx_HAL_Driver/Src/stm32f4xx_hal_cortex.o
 .debug_macro   0x0000000000014fe3      0x204 Drivers/STM32F4xx_HAL_Driver/Src/stm32f4xx_hal_gpio.o
 .debug_macro   0x00000000000151e7      0x1f2 Drivers/STM32F4xx_HAL_Driver/Src/stm32f4xx_hal_rcc.o
 .debug_macro   0x00000000000153d9      0x1cf Drivers/STM32F4xx_HAL_Driver/Src/stm32f4xx_hal_tim.o
 .debug_macro   0x00000000000155a8      0x1ce Drivers/STM32F4xx_HAL_Driver/Src/stm32f4xx_hal_tim_ex.o
 .debug_macro   0x0000000000015776      0x1cf Drivers/STM32F4xx_HAL_Driver/Src/stm32f4xx_hal_uart.o

.debug_line     0x0000000000000000     0x86e0
 .debug_line    0x0000000000000000      0x730 Core/Src/CallMain.o
 .debug_line    0x0000000000000730      0x7e6 Core/Src/StepMotor.o
 .debug_line    0x0000000000000f16      0x7d4 Core/Src/main.o
 .debug_line    0x00000000000016ea      0x757 Core/Src/stm32f4xx_hal_msp.o
 .debug_line    0x0000000000001e41      0x79f Core/Src/stm32f4xx_it.o
 .debug_line    0x00000000000025e0      0x704 Core/Src/system_stm32f4xx.o
 .debug_line    0x0000000000002ce4       0x85 Core/Startup/startup_stm32f411vetx.o
 .debug_line    0x0000000000002d69      0x8ee Drivers/STM32F4xx_HAL_Driver/Src/stm32f4xx_hal.o
 .debug_line    0x0000000000003657      0xa12 Drivers/STM32F4xx_HAL_Driver/Src/stm32f4xx_hal_cortex.o
 .debug_line    0x0000000000004069      0x891 Drivers/STM32F4xx_HAL_Driver/Src/stm32f4xx_hal_gpio.o
 .debug_line    0x00000000000048fa      0x946 Drivers/STM32F4xx_HAL_Driver/Src/stm32f4xx_hal_rcc.o
 .debug_line    0x0000000000005240     0x17ab Drivers/STM32F4xx_HAL_Driver/Src/stm32f4xx_hal_tim.o
 .debug_line    0x00000000000069eb      0xcf9 Drivers/STM32F4xx_HAL_Driver/Src/stm32f4xx_hal_tim_ex.o
 .debug_line    0x00000000000076e4      0xffc Drivers/STM32F4xx_HAL_Driver/Src/stm32f4xx_hal_uart.o

.debug_str      0x0000000000000000    0x88a30
 .debug_str     0x0000000000000000    0x85607 Core/Src/CallMain.o
                                      0x8588a (size before relaxing)
 .debug_str     0x0000000000085607       0xf0 Core/Src/StepMotor.o
                                      0x8594b (size before relaxing)
 .debug_str     0x00000000000856f7      0x927 Core/Src/main.o
                                      0x86234 (size before relaxing)
 .debug_str     0x000000000008601e      0x418 Core/Src/stm32f4xx_hal_msp.o
                                      0x86121 (size before relaxing)
 .debug_str     0x0000000000086436       0xcd Core/Src/stm32f4xx_it.o
                                      0x85a91 (size before relaxing)
 .debug_str     0x0000000000086503       0xc4 Core/Src/system_stm32f4xx.o
                                      0x85767 (size before relaxing)
 .debug_str     0x00000000000865c7       0x36 Core/Startup/startup_stm32f411vetx.o
                                         0x77 (size before relaxing)
 .debug_str     0x00000000000865fd      0x58d Drivers/STM32F4xx_HAL_Driver/Src/stm32f4xx_hal.o
                                      0x860dc (size before relaxing)
 .debug_str     0x0000000000086b8a      0x399 Drivers/STM32F4xx_HAL_Driver/Src/stm32f4xx_hal_cortex.o
                                      0x85eb9 (size before relaxing)
 .debug_str     0x0000000000086f23      0x20c Drivers/STM32F4xx_HAL_Driver/Src/stm32f4xx_hal_gpio.o
                                      0x859a6 (size before relaxing)
 .debug_str     0x000000000008712f      0x259 Drivers/STM32F4xx_HAL_Driver/Src/stm32f4xx_hal_rcc.o
                                      0x85b54 (size before relaxing)
 .debug_str     0x0000000000087388      0xcf0 Drivers/STM32F4xx_HAL_Driver/Src/stm32f4xx_hal_tim.o
                                      0x86861 (size before relaxing)
 .debug_str     0x0000000000088078      0x4a2 Drivers/STM32F4xx_HAL_Driver/Src/stm32f4xx_hal_tim_ex.o
                                      0x86061 (size before relaxing)
 .debug_str     0x000000000008851a      0x516 Drivers/STM32F4xx_HAL_Driver/Src/stm32f4xx_hal_uart.o
                                      0x85fa1 (size before relaxing)

.comment        0x0000000000000000       0x7b
 .comment       0x0000000000000000       0x7b Core/Src/CallMain.o
                                         0x7c (size before relaxing)
 .comment       0x000000000000007b       0x7c Core/Src/StepMotor.o
 .comment       0x000000000000007b       0x7c Core/Src/main.o
 .comment       0x000000000000007b       0x7c Core/Src/stm32f4xx_hal_msp.o
 .comment       0x000000000000007b       0x7c Core/Src/stm32f4xx_it.o
 .comment       0x000000000000007b       0x7c Core/Src/system_stm32f4xx.o
 .comment       0x000000000000007b       0x7c Drivers/STM32F4xx_HAL_Driver/Src/stm32f4xx_hal.o
 .comment       0x000000000000007b       0x7c Drivers/STM32F4xx_HAL_Driver/Src/stm32f4xx_hal_cortex.o
 .comment       0x000000000000007b       0x7c Drivers/STM32F4xx_HAL_Driver/Src/stm32f4xx_hal_gpio.o
 .comment       0x000000000000007b       0x7c Drivers/STM32F4xx_HAL_Driver/Src/stm32f4xx_hal_rcc.o
 .comment       0x000000000000007b       0x7c Drivers/STM32F4xx_HAL_Driver/Src/stm32f4xx_hal_tim.o
 .comment       0x000000000000007b       0x7c Drivers/STM32F4xx_HAL_Driver/Src/stm32f4xx_hal_tim_ex.o
 .comment       0x000000000000007b       0x7c Drivers/STM32F4xx_HAL_Driver/Src/stm32f4xx_hal_uart.o

.debug_frame    0x0000000000000000     0x2ffc
 .debug_frame   0x0000000000000000       0x58 Core/Src/CallMain.o
 .debug_frame   0x0000000000000058      0x164 Core/Src/StepMotor.o
 .debug_frame   0x00000000000001bc      0x118 Core/Src/main.o
 .debug_frame   0x00000000000002d4       0xc8 Core/Src/stm32f4xx_hal_msp.o
 .debug_frame   0x000000000000039c      0x128 Core/Src/stm32f4xx_it.o
 .debug_frame   0x00000000000004c4       0x58 Core/Src/system_stm32f4xx.o
 .debug_frame   0x000000000000051c      0x374 Drivers/STM32F4xx_HAL_Driver/Src/stm32f4xx_hal.o
 .debug_frame   0x0000000000000890      0x498 Drivers/STM32F4xx_HAL_Driver/Src/stm32f4xx_hal_cortex.o
 .debug_frame   0x0000000000000d28      0x14c Drivers/STM32F4xx_HAL_Driver/Src/stm32f4xx_hal_gpio.o
 .debug_frame   0x0000000000000e74      0x1f0 Drivers/STM32F4xx_HAL_Driver/Src/stm32f4xx_hal_rcc.o
 .debug_frame   0x0000000000001064     0x10e8 Drivers/STM32F4xx_HAL_Driver/Src/stm32f4xx_hal_tim.o
 .debug_frame   0x000000000000214c      0x5c0 Drivers/STM32F4xx_HAL_Driver/Src/stm32f4xx_hal_tim_ex.o
 .debug_frame   0x000000000000270c      0x844 Drivers/STM32F4xx_HAL_Driver/Src/stm32f4xx_hal_uart.o
 .debug_frame   0x0000000000002f50       0x2c e:/mcu tapit/st/stm32cubeide_1.4.0/stm32cubeide/plugins/com.st.stm32cube.ide.mcu.externaltools.gnu-tools-for-stm32.7-2018-q2-update.win32_1.4.0.202007081208/tools/bin/../lib/gcc/arm-none-eabi/7.3.1/../../../../arm-none-eabi/lib/thumb/v7e-m/fpv4-sp/hard\libc_nano.a(lib_a-init.o)
 .debug_frame   0x0000000000002f7c       0x20 e:/mcu tapit/st/stm32cubeide_1.4.0/stm32cubeide/plugins/com.st.stm32cube.ide.mcu.externaltools.gnu-tools-for-stm32.7-2018-q2-update.win32_1.4.0.202007081208/tools/bin/../lib/gcc/arm-none-eabi/7.3.1/../../../../arm-none-eabi/lib/thumb/v7e-m/fpv4-sp/hard\libc_nano.a(lib_a-memset.o)
 .debug_frame   0x0000000000002f9c       0x2c e:/mcu tapit/st/stm32cubeide_1.4.0/stm32cubeide/plugins/com.st.stm32cube.ide.mcu.externaltools.gnu-tools-for-stm32.7-2018-q2-update.win32_1.4.0.202007081208/tools/bin/../lib/gcc/arm-none-eabi/7.3.1/thumb/v7e-m/fpv4-sp/hard\libgcc.a(_aeabi_uldivmod.o)
 .debug_frame   0x0000000000002fc8       0x34 e:/mcu tapit/st/stm32cubeide_1.4.0/stm32cubeide/plugins/com.st.stm32cube.ide.mcu.externaltools.gnu-tools-for-stm32.7-2018-q2-update.win32_1.4.0.202007081208/tools/bin/../lib/gcc/arm-none-eabi/7.3.1/thumb/v7e-m/fpv4-sp/hard\libgcc.a(_udivmoddi4.o)
